---
source: tests/fixtures.rs
expression: program

---
Ok(
    Program {
        stmts: [
            Stmt {
                kind: Var(
                    Ident {
                        name: "a",
                        location: Location {
                            start: 4,
                            end: 5,
                        },
                    },
                    None,
                    None,
                ),
                location: Location {
                    start: 0,
                    end: 6,
                },
            },
            Stmt {
                kind: Var(
                    Ident {
                        name: "b",
                        location: Location {
                            start: 11,
                            end: 12,
                        },
                    },
                    None,
                    Some(
                        Expr {
                            kind: Lit(
                                Lit {
                                    kind: Int(
                                        1,
                                    ),
                                    location: Location {
                                        start: 15,
                                        end: 16,
                                    },
                                },
                            ),
                            location: Location {
                                start: 15,
                                end: 16,
                            },
                        },
                    ),
                ),
                location: Location {
                    start: 7,
                    end: 17,
                },
            },
            Stmt {
                kind: Var(
                    Ident {
                        name: "c",
                        location: Location {
                            start: 22,
                            end: 23,
                        },
                    },
                    Some(
                        Ty {
                            name: "int",
                            location: Location {
                                start: 25,
                                end: 28,
                            },
                        },
                    ),
                    None,
                ),
                location: Location {
                    start: 18,
                    end: 29,
                },
            },
            Stmt {
                kind: Var(
                    Ident {
                        name: "d",
                        location: Location {
                            start: 34,
                            end: 35,
                        },
                    },
                    Some(
                        Ty {
                            name: "int",
                            location: Location {
                                start: 37,
                                end: 40,
                            },
                        },
                    ),
                    Some(
                        Expr {
                            kind: Lit(
                                Lit {
                                    kind: Int(
                                        1,
                                    ),
                                    location: Location {
                                        start: 43,
                                        end: 44,
                                    },
                                },
                            ),
                            location: Location {
                                start: 43,
                                end: 44,
                            },
                        },
                    ),
                ),
                location: Location {
                    start: 30,
                    end: 45,
                },
            },
        ],
        location: Location {
            start: 0,
            end: 45,
        },
    },
)
