---
source: tests/fixtures.rs
expression: program

---
Ok(
    Program {
        decls: [
            TopLevelDecl {
                kind: Fn(
                    Ident {
                        name: "main",
                        location: Location {
                            start: 3,
                            end: 7,
                        },
                    },
                    [],
                    Ty {
                        name: "void",
                        location: Location {
                            start: 13,
                            end: 17,
                        },
                    },
                    Block {
                        stmts: [
                            Stmt {
                                kind: Expr(
                                    Expr {
                                        kind: Unary(
                                            Not,
                                            Expr {
                                                kind: Lit(
                                                    Lit {
                                                        kind: Bool(
                                                            true,
                                                        ),
                                                        location: Location {
                                                            start: 25,
                                                            end: 29,
                                                        },
                                                    },
                                                ),
                                                location: Location {
                                                    start: 25,
                                                    end: 29,
                                                },
                                            },
                                        ),
                                        location: Location {
                                            start: 24,
                                            end: 29,
                                        },
                                    },
                                ),
                                location: Location {
                                    start: 24,
                                    end: 30,
                                },
                            },
                            Stmt {
                                kind: Expr(
                                    Expr {
                                        kind: Unary(
                                            Not,
                                            Expr {
                                                kind: Unary(
                                                    Not,
                                                    Expr {
                                                        kind: Lit(
                                                            Lit {
                                                                kind: Bool(
                                                                    true,
                                                                ),
                                                                location: Location {
                                                                    start: 37,
                                                                    end: 41,
                                                                },
                                                            },
                                                        ),
                                                        location: Location {
                                                            start: 37,
                                                            end: 41,
                                                        },
                                                    },
                                                ),
                                                location: Location {
                                                    start: 36,
                                                    end: 41,
                                                },
                                            },
                                        ),
                                        location: Location {
                                            start: 35,
                                            end: 41,
                                        },
                                    },
                                ),
                                location: Location {
                                    start: 35,
                                    end: 42,
                                },
                            },
                            Stmt {
                                kind: Expr(
                                    Expr {
                                        kind: Binary(
                                            Add,
                                            Expr {
                                                kind: Lit(
                                                    Lit {
                                                        kind: Int(
                                                            1,
                                                        ),
                                                        location: Location {
                                                            start: 48,
                                                            end: 49,
                                                        },
                                                    },
                                                ),
                                                location: Location {
                                                    start: 48,
                                                    end: 49,
                                                },
                                            },
                                            Expr {
                                                kind: Lit(
                                                    Lit {
                                                        kind: Int(
                                                            2,
                                                        ),
                                                        location: Location {
                                                            start: 52,
                                                            end: 53,
                                                        },
                                                    },
                                                ),
                                                location: Location {
                                                    start: 52,
                                                    end: 53,
                                                },
                                            },
                                        ),
                                        location: Location {
                                            start: 48,
                                            end: 53,
                                        },
                                    },
                                ),
                                location: Location {
                                    start: 48,
                                    end: 54,
                                },
                            },
                            Stmt {
                                kind: Expr(
                                    Expr {
                                        kind: Binary(
                                            Add,
                                            Expr {
                                                kind: Binary(
                                                    Multiply,
                                                    Expr {
                                                        kind: Lit(
                                                            Lit {
                                                                kind: Int(
                                                                    2,
                                                                ),
                                                                location: Location {
                                                                    start: 59,
                                                                    end: 60,
                                                                },
                                                            },
                                                        ),
                                                        location: Location {
                                                            start: 59,
                                                            end: 60,
                                                        },
                                                    },
                                                    Expr {
                                                        kind: Lit(
                                                            Lit {
                                                                kind: Int(
                                                                    3,
                                                                ),
                                                                location: Location {
                                                                    start: 63,
                                                                    end: 64,
                                                                },
                                                            },
                                                        ),
                                                        location: Location {
                                                            start: 63,
                                                            end: 64,
                                                        },
                                                    },
                                                ),
                                                location: Location {
                                                    start: 59,
                                                    end: 64,
                                                },
                                            },
                                            Expr {
                                                kind: Lit(
                                                    Lit {
                                                        kind: Int(
                                                            4,
                                                        ),
                                                        location: Location {
                                                            start: 67,
                                                            end: 68,
                                                        },
                                                    },
                                                ),
                                                location: Location {
                                                    start: 67,
                                                    end: 68,
                                                },
                                            },
                                        ),
                                        location: Location {
                                            start: 59,
                                            end: 68,
                                        },
                                    },
                                ),
                                location: Location {
                                    start: 59,
                                    end: 69,
                                },
                            },
                            Stmt {
                                kind: Expr(
                                    Expr {
                                        kind: Binary(
                                            Multiply,
                                            Expr {
                                                kind: Lit(
                                                    Lit {
                                                        kind: Int(
                                                            2,
                                                        ),
                                                        location: Location {
                                                            start: 74,
                                                            end: 75,
                                                        },
                                                    },
                                                ),
                                                location: Location {
                                                    start: 74,
                                                    end: 75,
                                                },
                                            },
                                            Expr {
                                                kind: Binary(
                                                    Add,
                                                    Expr {
                                                        kind: Lit(
                                                            Lit {
                                                                kind: Int(
                                                                    3,
                                                                ),
                                                                location: Location {
                                                                    start: 79,
                                                                    end: 80,
                                                                },
                                                            },
                                                        ),
                                                        location: Location {
                                                            start: 79,
                                                            end: 80,
                                                        },
                                                    },
                                                    Expr {
                                                        kind: Lit(
                                                            Lit {
                                                                kind: Int(
                                                                    4,
                                                                ),
                                                                location: Location {
                                                                    start: 83,
                                                                    end: 84,
                                                                },
                                                            },
                                                        ),
                                                        location: Location {
                                                            start: 83,
                                                            end: 84,
                                                        },
                                                    },
                                                ),
                                                location: Location {
                                                    start: 79,
                                                    end: 84,
                                                },
                                            },
                                        ),
                                        location: Location {
                                            start: 74,
                                            end: 84,
                                        },
                                    },
                                ),
                                location: Location {
                                    start: 74,
                                    end: 86,
                                },
                            },
                            Stmt {
                                kind: Expr(
                                    Expr {
                                        kind: Binary(
                                            Subtract,
                                            Expr {
                                                kind: Binary(
                                                    Multiply,
                                                    Expr {
                                                        kind: Binary(
                                                            Add,
                                                            Expr {
                                                                kind: Unary(
                                                                    Minus,
                                                                    Expr {
                                                                        kind: Lit(
                                                                            Lit {
                                                                                kind: Int(
                                                                                    1,
                                                                                ),
                                                                                location: Location {
                                                                                    start: 93,
                                                                                    end: 94,
                                                                                },
                                                                            },
                                                                        ),
                                                                        location: Location {
                                                                            start: 93,
                                                                            end: 94,
                                                                        },
                                                                    },
                                                                ),
                                                                location: Location {
                                                                    start: 92,
                                                                    end: 94,
                                                                },
                                                            },
                                                            Expr {
                                                                kind: Lit(
                                                                    Lit {
                                                                        kind: Int(
                                                                            2,
                                                                        ),
                                                                        location: Location {
                                                                            start: 97,
                                                                            end: 98,
                                                                        },
                                                                    },
                                                                ),
                                                                location: Location {
                                                                    start: 97,
                                                                    end: 98,
                                                                },
                                                            },
                                                        ),
                                                        location: Location {
                                                            start: 92,
                                                            end: 98,
                                                        },
                                                    },
                                                    Expr {
                                                        kind: Lit(
                                                            Lit {
                                                                kind: Int(
                                                                    3,
                                                                ),
                                                                location: Location {
                                                                    start: 102,
                                                                    end: 103,
                                                                },
                                                            },
                                                        ),
                                                        location: Location {
                                                            start: 102,
                                                            end: 103,
                                                        },
                                                    },
                                                ),
                                                location: Location {
                                                    start: 92,
                                                    end: 103,
                                                },
                                            },
                                            Expr {
                                                kind: Unary(
                                                    Minus,
                                                    Expr {
                                                        kind: Lit(
                                                            Lit {
                                                                kind: Int(
                                                                    4,
                                                                ),
                                                                location: Location {
                                                                    start: 107,
                                                                    end: 108,
                                                                },
                                                            },
                                                        ),
                                                        location: Location {
                                                            start: 107,
                                                            end: 108,
                                                        },
                                                    },
                                                ),
                                                location: Location {
                                                    start: 106,
                                                    end: 108,
                                                },
                                            },
                                        ),
                                        location: Location {
                                            start: 92,
                                            end: 108,
                                        },
                                    },
                                ),
                                location: Location {
                                    start: 91,
                                    end: 109,
                                },
                            },
                            Stmt {
                                kind: Expr(
                                    Expr {
                                        kind: Logical(
                                            And,
                                            Expr {
                                                kind: Lit(
                                                    Lit {
                                                        kind: Bool(
                                                            false,
                                                        ),
                                                        location: Location {
                                                            start: 115,
                                                            end: 120,
                                                        },
                                                    },
                                                ),
                                                location: Location {
                                                    start: 115,
                                                    end: 120,
                                                },
                                            },
                                            Expr {
                                                kind: Lit(
                                                    Lit {
                                                        kind: Bool(
                                                            true,
                                                        ),
                                                        location: Location {
                                                            start: 124,
                                                            end: 128,
                                                        },
                                                    },
                                                ),
                                                location: Location {
                                                    start: 124,
                                                    end: 128,
                                                },
                                            },
                                        ),
                                        location: Location {
                                            start: 115,
                                            end: 128,
                                        },
                                    },
                                ),
                                location: Location {
                                    start: 115,
                                    end: 129,
                                },
                            },
                            Stmt {
                                kind: Expr(
                                    Expr {
                                        kind: Logical(
                                            Or,
                                            Expr {
                                                kind: Lit(
                                                    Lit {
                                                        kind: Bool(
                                                            false,
                                                        ),
                                                        location: Location {
                                                            start: 134,
                                                            end: 139,
                                                        },
                                                    },
                                                ),
                                                location: Location {
                                                    start: 134,
                                                    end: 139,
                                                },
                                            },
                                            Expr {
                                                kind: Lit(
                                                    Lit {
                                                        kind: Bool(
                                                            true,
                                                        ),
                                                        location: Location {
                                                            start: 143,
                                                            end: 147,
                                                        },
                                                    },
                                                ),
                                                location: Location {
                                                    start: 143,
                                                    end: 147,
                                                },
                                            },
                                        ),
                                        location: Location {
                                            start: 134,
                                            end: 147,
                                        },
                                    },
                                ),
                                location: Location {
                                    start: 134,
                                    end: 148,
                                },
                            },
                            Stmt {
                                kind: Expr(
                                    Expr {
                                        kind: Logical(
                                            Or,
                                            Expr {
                                                kind: Logical(
                                                    And,
                                                    Expr {
                                                        kind: Lit(
                                                            Lit {
                                                                kind: Bool(
                                                                    true,
                                                                ),
                                                                location: Location {
                                                                    start: 153,
                                                                    end: 157,
                                                                },
                                                            },
                                                        ),
                                                        location: Location {
                                                            start: 153,
                                                            end: 157,
                                                        },
                                                    },
                                                    Expr {
                                                        kind: Lit(
                                                            Lit {
                                                                kind: Bool(
                                                                    false,
                                                                ),
                                                                location: Location {
                                                                    start: 161,
                                                                    end: 166,
                                                                },
                                                            },
                                                        ),
                                                        location: Location {
                                                            start: 161,
                                                            end: 166,
                                                        },
                                                    },
                                                ),
                                                location: Location {
                                                    start: 153,
                                                    end: 166,
                                                },
                                            },
                                            Expr {
                                                kind: Logical(
                                                    And,
                                                    Expr {
                                                        kind: Lit(
                                                            Lit {
                                                                kind: Bool(
                                                                    true,
                                                                ),
                                                                location: Location {
                                                                    start: 170,
                                                                    end: 174,
                                                                },
                                                            },
                                                        ),
                                                        location: Location {
                                                            start: 170,
                                                            end: 174,
                                                        },
                                                    },
                                                    Expr {
                                                        kind: Lit(
                                                            Lit {
                                                                kind: Bool(
                                                                    false,
                                                                ),
                                                                location: Location {
                                                                    start: 178,
                                                                    end: 183,
                                                                },
                                                            },
                                                        ),
                                                        location: Location {
                                                            start: 178,
                                                            end: 183,
                                                        },
                                                    },
                                                ),
                                                location: Location {
                                                    start: 170,
                                                    end: 183,
                                                },
                                            },
                                        ),
                                        location: Location {
                                            start: 153,
                                            end: 183,
                                        },
                                    },
                                ),
                                location: Location {
                                    start: 153,
                                    end: 184,
                                },
                            },
                        ],
                        location: Location {
                            start: 18,
                            end: 186,
                        },
                    },
                ),
                location: Location {
                    start: 0,
                    end: 186,
                },
            },
        ],
        location: Location {
            start: 0,
            end: 186,
        },
    },
)
