---
source: tests/fixtures.rs
expression: program
input_file: tests/fixtures/expression.tb

---
Ok(
    Program {
        stmts: [
            Stmt {
                kind: Expr(
                    Expr {
                        kind: Unary(
                            Not,
                            Expr {
                                kind: Lit(
                                    Lit {
                                        kind: Bool(
                                            true,
                                        ),
                                        location: Location {
                                            start: 1,
                                            end: 5,
                                        },
                                    },
                                ),
                                location: Location {
                                    start: 1,
                                    end: 5,
                                },
                            },
                        ),
                        location: Location {
                            start: 0,
                            end: 5,
                        },
                    },
                ),
                location: Location {
                    start: 0,
                    end: 6,
                },
            },
            Stmt {
                kind: Expr(
                    Expr {
                        kind: Unary(
                            Not,
                            Expr {
                                kind: Unary(
                                    Not,
                                    Expr {
                                        kind: Lit(
                                            Lit {
                                                kind: Bool(
                                                    true,
                                                ),
                                                location: Location {
                                                    start: 9,
                                                    end: 13,
                                                },
                                            },
                                        ),
                                        location: Location {
                                            start: 9,
                                            end: 13,
                                        },
                                    },
                                ),
                                location: Location {
                                    start: 8,
                                    end: 13,
                                },
                            },
                        ),
                        location: Location {
                            start: 7,
                            end: 13,
                        },
                    },
                ),
                location: Location {
                    start: 7,
                    end: 14,
                },
            },
            Stmt {
                kind: Expr(
                    Expr {
                        kind: Binary(
                            Add,
                            Expr {
                                kind: Lit(
                                    Lit {
                                        kind: Int(
                                            1,
                                        ),
                                        location: Location {
                                            start: 16,
                                            end: 17,
                                        },
                                    },
                                ),
                                location: Location {
                                    start: 16,
                                    end: 17,
                                },
                            },
                            Expr {
                                kind: Lit(
                                    Lit {
                                        kind: Int(
                                            2,
                                        ),
                                        location: Location {
                                            start: 20,
                                            end: 21,
                                        },
                                    },
                                ),
                                location: Location {
                                    start: 20,
                                    end: 21,
                                },
                            },
                        ),
                        location: Location {
                            start: 16,
                            end: 21,
                        },
                    },
                ),
                location: Location {
                    start: 16,
                    end: 22,
                },
            },
            Stmt {
                kind: Expr(
                    Expr {
                        kind: Binary(
                            Add,
                            Expr {
                                kind: Binary(
                                    Multiply,
                                    Expr {
                                        kind: Lit(
                                            Lit {
                                                kind: Int(
                                                    2,
                                                ),
                                                location: Location {
                                                    start: 23,
                                                    end: 24,
                                                },
                                            },
                                        ),
                                        location: Location {
                                            start: 23,
                                            end: 24,
                                        },
                                    },
                                    Expr {
                                        kind: Lit(
                                            Lit {
                                                kind: Int(
                                                    3,
                                                ),
                                                location: Location {
                                                    start: 27,
                                                    end: 28,
                                                },
                                            },
                                        ),
                                        location: Location {
                                            start: 27,
                                            end: 28,
                                        },
                                    },
                                ),
                                location: Location {
                                    start: 23,
                                    end: 28,
                                },
                            },
                            Expr {
                                kind: Lit(
                                    Lit {
                                        kind: Int(
                                            4,
                                        ),
                                        location: Location {
                                            start: 31,
                                            end: 32,
                                        },
                                    },
                                ),
                                location: Location {
                                    start: 31,
                                    end: 32,
                                },
                            },
                        ),
                        location: Location {
                            start: 23,
                            end: 32,
                        },
                    },
                ),
                location: Location {
                    start: 23,
                    end: 33,
                },
            },
            Stmt {
                kind: Expr(
                    Expr {
                        kind: Binary(
                            Multiply,
                            Expr {
                                kind: Lit(
                                    Lit {
                                        kind: Int(
                                            2,
                                        ),
                                        location: Location {
                                            start: 34,
                                            end: 35,
                                        },
                                    },
                                ),
                                location: Location {
                                    start: 34,
                                    end: 35,
                                },
                            },
                            Expr {
                                kind: Binary(
                                    Add,
                                    Expr {
                                        kind: Lit(
                                            Lit {
                                                kind: Int(
                                                    3,
                                                ),
                                                location: Location {
                                                    start: 39,
                                                    end: 40,
                                                },
                                            },
                                        ),
                                        location: Location {
                                            start: 39,
                                            end: 40,
                                        },
                                    },
                                    Expr {
                                        kind: Lit(
                                            Lit {
                                                kind: Int(
                                                    4,
                                                ),
                                                location: Location {
                                                    start: 43,
                                                    end: 44,
                                                },
                                            },
                                        ),
                                        location: Location {
                                            start: 43,
                                            end: 44,
                                        },
                                    },
                                ),
                                location: Location {
                                    start: 39,
                                    end: 44,
                                },
                            },
                        ),
                        location: Location {
                            start: 34,
                            end: 44,
                        },
                    },
                ),
                location: Location {
                    start: 34,
                    end: 46,
                },
            },
            Stmt {
                kind: Expr(
                    Expr {
                        kind: Binary(
                            Subtract,
                            Expr {
                                kind: Binary(
                                    Multiply,
                                    Expr {
                                        kind: Binary(
                                            Add,
                                            Expr {
                                                kind: Unary(
                                                    Minus,
                                                    Expr {
                                                        kind: Lit(
                                                            Lit {
                                                                kind: Int(
                                                                    1,
                                                                ),
                                                                location: Location {
                                                                    start: 49,
                                                                    end: 50,
                                                                },
                                                            },
                                                        ),
                                                        location: Location {
                                                            start: 49,
                                                            end: 50,
                                                        },
                                                    },
                                                ),
                                                location: Location {
                                                    start: 48,
                                                    end: 50,
                                                },
                                            },
                                            Expr {
                                                kind: Lit(
                                                    Lit {
                                                        kind: Int(
                                                            2,
                                                        ),
                                                        location: Location {
                                                            start: 53,
                                                            end: 54,
                                                        },
                                                    },
                                                ),
                                                location: Location {
                                                    start: 53,
                                                    end: 54,
                                                },
                                            },
                                        ),
                                        location: Location {
                                            start: 48,
                                            end: 54,
                                        },
                                    },
                                    Expr {
                                        kind: Lit(
                                            Lit {
                                                kind: Int(
                                                    3,
                                                ),
                                                location: Location {
                                                    start: 58,
                                                    end: 59,
                                                },
                                            },
                                        ),
                                        location: Location {
                                            start: 58,
                                            end: 59,
                                        },
                                    },
                                ),
                                location: Location {
                                    start: 48,
                                    end: 59,
                                },
                            },
                            Expr {
                                kind: Unary(
                                    Minus,
                                    Expr {
                                        kind: Lit(
                                            Lit {
                                                kind: Int(
                                                    4,
                                                ),
                                                location: Location {
                                                    start: 63,
                                                    end: 64,
                                                },
                                            },
                                        ),
                                        location: Location {
                                            start: 63,
                                            end: 64,
                                        },
                                    },
                                ),
                                location: Location {
                                    start: 62,
                                    end: 64,
                                },
                            },
                        ),
                        location: Location {
                            start: 48,
                            end: 64,
                        },
                    },
                ),
                location: Location {
                    start: 47,
                    end: 65,
                },
            },
            Stmt {
                kind: Expr(
                    Expr {
                        kind: Logical(
                            And,
                            Expr {
                                kind: Lit(
                                    Lit {
                                        kind: Bool(
                                            false,
                                        ),
                                        location: Location {
                                            start: 67,
                                            end: 72,
                                        },
                                    },
                                ),
                                location: Location {
                                    start: 67,
                                    end: 72,
                                },
                            },
                            Expr {
                                kind: Lit(
                                    Lit {
                                        kind: Bool(
                                            true,
                                        ),
                                        location: Location {
                                            start: 76,
                                            end: 80,
                                        },
                                    },
                                ),
                                location: Location {
                                    start: 76,
                                    end: 80,
                                },
                            },
                        ),
                        location: Location {
                            start: 67,
                            end: 80,
                        },
                    },
                ),
                location: Location {
                    start: 67,
                    end: 81,
                },
            },
            Stmt {
                kind: Expr(
                    Expr {
                        kind: Logical(
                            Or,
                            Expr {
                                kind: Lit(
                                    Lit {
                                        kind: Bool(
                                            false,
                                        ),
                                        location: Location {
                                            start: 82,
                                            end: 87,
                                        },
                                    },
                                ),
                                location: Location {
                                    start: 82,
                                    end: 87,
                                },
                            },
                            Expr {
                                kind: Lit(
                                    Lit {
                                        kind: Bool(
                                            true,
                                        ),
                                        location: Location {
                                            start: 91,
                                            end: 95,
                                        },
                                    },
                                ),
                                location: Location {
                                    start: 91,
                                    end: 95,
                                },
                            },
                        ),
                        location: Location {
                            start: 82,
                            end: 95,
                        },
                    },
                ),
                location: Location {
                    start: 82,
                    end: 96,
                },
            },
            Stmt {
                kind: Expr(
                    Expr {
                        kind: Logical(
                            Or,
                            Expr {
                                kind: Logical(
                                    And,
                                    Expr {
                                        kind: Lit(
                                            Lit {
                                                kind: Bool(
                                                    true,
                                                ),
                                                location: Location {
                                                    start: 97,
                                                    end: 101,
                                                },
                                            },
                                        ),
                                        location: Location {
                                            start: 97,
                                            end: 101,
                                        },
                                    },
                                    Expr {
                                        kind: Lit(
                                            Lit {
                                                kind: Bool(
                                                    false,
                                                ),
                                                location: Location {
                                                    start: 105,
                                                    end: 110,
                                                },
                                            },
                                        ),
                                        location: Location {
                                            start: 105,
                                            end: 110,
                                        },
                                    },
                                ),
                                location: Location {
                                    start: 97,
                                    end: 110,
                                },
                            },
                            Expr {
                                kind: Logical(
                                    And,
                                    Expr {
                                        kind: Lit(
                                            Lit {
                                                kind: Bool(
                                                    true,
                                                ),
                                                location: Location {
                                                    start: 114,
                                                    end: 118,
                                                },
                                            },
                                        ),
                                        location: Location {
                                            start: 114,
                                            end: 118,
                                        },
                                    },
                                    Expr {
                                        kind: Lit(
                                            Lit {
                                                kind: Bool(
                                                    false,
                                                ),
                                                location: Location {
                                                    start: 122,
                                                    end: 127,
                                                },
                                            },
                                        ),
                                        location: Location {
                                            start: 122,
                                            end: 127,
                                        },
                                    },
                                ),
                                location: Location {
                                    start: 114,
                                    end: 127,
                                },
                            },
                        ),
                        location: Location {
                            start: 97,
                            end: 127,
                        },
                    },
                ),
                location: Location {
                    start: 97,
                    end: 128,
                },
            },
        ],
        location: Location {
            start: 0,
            end: 128,
        },
    },
)
